hello-------------FAIL: uppercase works... (expected:Hello actual:helloello!)
PASS: odd(3)
PASS: odd(4)
PASS: odd(-1)
PASS: even(0)
PASS: even(7)
PASS: hi(4660)
PASS: lo(4660)
PASS: swap(4660)
PASS: swap swap
PASS: upcase a
PASS: upcase z
PASS: upcase 5
PASS: locase A
PASS: locase Z
PASS: abs_int(5)
PASS: abs_int(-7)
PASS: abs_int(0)
PASS: abs_word
